// Jest Snapshot v1, https://goo.gl/fbAQLP

exports[`matches snapshot 1`] = `
<DocumentFragment>
  <form>
    <label
      for="id"
    >
      id
    </label>
    <input
      id="id"
      name="id"
      placeholder="id"
      type="text"
      value=""
    />
    <label
      for="todo"
    >
      todo
    </label>
    <input
      id="todo"
      name="todo"
      placeholder="todo"
      type="text"
      value=""
    />
    <p />
    <p />
    <button>
      Add Todo Item
    </button>
  </form>
</DocumentFragment>
`;
