// Jest Snapshot v1, https://goo.gl/fbAQLP

exports[`matches snapshot 1`] = `
<DocumentFragment>
  <div>
    <form>
      <label
        for="todo"
      >
        New Activity
      </label>
      <input
        id="todo"
        name="todo"
        placeholder="todo"
        type="text"
        value=""
      />
      <p />
      <button>
        Add New Item
      </button>
    </form>
    <div />
  </div>
</DocumentFragment>
`;
